// Jest Snapshot v1, https://goo.gl/fbAQLP

exports[`Title.render 1`] = `
<Text
  accessible={true}
  allowFontScaling={true}
  disabled={false}
  ellipsizeMode="tail"
  style={
    Object {
      "fontSize": 20,
      "marginTop": 20,
      "textAlign": "center",
    }
  }
/>
`;
